  UI_Handler.cpp
C:\JaguarEngine\JaguarEngine\JaguarEngine\OpenGL_Handling\OpenGL_Declarations.hpp(186,8): warning C4099: "Jaguar::Mesh_Wrapper": Geben Sie den zuerst unter Verwendung von "struct" und jetzt unter Verwendung von "class" gesehenen Namen ein
  (Quelldatei „JaguarEngine/UI/UI_Handler.cpp“ wird kompiliert)
      C:\JaguarEngine\JaguarEngine\JaguarEngine\OpenGL_Handling\OpenGL_Declarations.hpp(67,9):
      Siehe Deklaration von "Jaguar::Mesh_Wrapper"
  
C:\JaguarEngine\JaguarEngine\JaguarEngine\JSON_IO\JSON_Declarations.hpp(224,67): warning C4244: "=": Konvertierung von "double" in "size_t", möglicher Datenverlust
  (Quelldatei „JaguarEngine/UI/UI_Handler.cpp“ wird kompiliert)
  
C:\JaguarEngine\JaguarEngine\JaguarEngine\JSON_IO\JSON_Declarations.hpp(225,63): warning C4244: "=": Konvertierung von "double" in "size_t", möglicher Datenverlust
  (Quelldatei „JaguarEngine/UI/UI_Handler.cpp“ wird kompiliert)
  
C:\JaguarEngine\JaguarEngine\JaguarEngine\JSON_IO\JSON_Declarations.hpp(226,66): warning C4244: "=": Konvertierung von "double" in "size_t", möglicher Datenverlust
  (Quelldatei „JaguarEngine/UI/UI_Handler.cpp“ wird kompiliert)
  
C:\JaguarEngine\JaguarEngine\JaguarEngine\JSON_IO\JSON_Declarations.hpp(227,63): warning C4244: "=": Konvertierung von "double" in "size_t", möglicher Datenverlust
  (Quelldatei „JaguarEngine/UI/UI_Handler.cpp“ wird kompiliert)
  
C:\JaguarEngine\JaguarEngine\JaguarEngine\JSON_IO\JSON_Declarations.hpp(231,34): warning C4554: „|“: Überprüfen Sie die Operatorrangfolge auf mögliche Fehler. Verwenden Sie Klammern, um die Rangfolge zu verdeutlichen.
  (Quelldatei „JaguarEngine/UI/UI_Handler.cpp“ wird kompiliert)
  
C:\JaguarEngine\JaguarEngine\JaguarEngine\JSON_IO\JSON_Declarations.hpp(264,17): warning C4244: "Initialisierung": Konvertierung von "double" in "size_t", möglicher Datenverlust
  (Quelldatei „JaguarEngine/UI/UI_Handler.cpp“ wird kompiliert)
  
C:\JaguarEngine\JaguarEngine\JaguarEngine\JSON_IO\JSON_Declarations.hpp(271,37): warning C4267: "=": Konvertierung von "size_t" nach "GLint", Datenverlust möglich
  (Quelldatei „JaguarEngine/UI/UI_Handler.cpp“ wird kompiliert)
  
C:\JaguarEngine\JaguarEngine\JaguarEngine\JSON_IO\JSON_Declarations.hpp(272,20): warning C4267: "=": Konvertierung von "size_t" nach "GLint", Datenverlust möglich
  (Quelldatei „JaguarEngine/UI/UI_Handler.cpp“ wird kompiliert)
  
C:\JaguarEngine\JaguarEngine\JaguarEngine\Scene\Model_Declarations.hpp(64,8): warning C4099: "Jaguar::Mesh_Wrapper": Geben Sie den zuerst unter Verwendung von "struct" und jetzt unter Verwendung von "class" gesehenen Namen ein
  (Quelldatei „JaguarEngine/UI/UI_Handler.cpp“ wird kompiliert)
      C:\JaguarEngine\JaguarEngine\JaguarEngine\Scene\Model_Declarations.hpp(64,8):
      Siehe Deklaration von "Jaguar::Mesh_Wrapper"
  
C:\JaguarEngine\JaguarEngine\JaguarEngine\Scene\World_Object_Declarations.hpp(14,8): warning C4099: "Jaguar::World_Object": Geben Sie den zuerst unter Verwendung von "struct" und jetzt unter Verwendung von "class" gesehenen Namen ein
  (Quelldatei „JaguarEngine/UI/UI_Handler.cpp“ wird kompiliert)
      C:\JaguarEngine\JaguarEngine\JaguarEngine\Scene\World_Object_Declarations.hpp(14,8):
      Siehe Deklaration von "Jaguar::World_Object"
  
C:\JaguarEngine\JaguarEngine\JaguarEngine\UI\UI_Handler.hpp(55,8): warning C4099: "Jaguar::UI_Element": Geben Sie den zuerst unter Verwendung von "struct" und jetzt unter Verwendung von "class" gesehenen Namen ein
  (Quelldatei „JaguarEngine/UI/UI_Handler.cpp“ wird kompiliert)
      C:\JaguarEngine\JaguarEngine\JaguarEngine\UI\UI_Handler.hpp(55,8):
      Siehe Deklaration von "Jaguar::UI_Element"
  
C:\JaguarEngine\JaguarEngine\JaguarEngine\Scene\Model_Declarations.hpp(136,63): warning C4312: "Typumwandlung": Konvertierung von "int" in größeren Typ "void *"
  (Quelldatei „JaguarEngine/UI/UI_Handler.cpp“ wird kompiliert)
      C:\JaguarEngine\JaguarEngine\JaguarEngine\Scene\Model_Declarations.hpp(136,63):
      der Vorlageninstanziierungskontext (der älteste zuerst) ist
          C:\JaguarEngine\JaguarEngine\JaguarEngine\UI\UI_Handler.cpp(31,12):
          Siehe Verweis auf die gerade kompilierte Instanziierung "void Jaguar::Initialise_Vertex_Attributes<Jaguar::UI_Vertex>(Jaguar::Mesh *)" der Funktions-Vorlage.
  
C:\JaguarEngine\JaguarEngine\JaguarEngine\Scene\Model_Declarations.hpp(136,28): warning C4267: "Argument": Konvertierung von "size_t" nach "GLuint", Datenverlust möglich
  (Quelldatei „JaguarEngine/UI/UI_Handler.cpp“ wird kompiliert)
  
C:\JaguarEngine\JaguarEngine\JaguarEngine\Scene\Model_Declarations.hpp(138,72): warning C4312: "Typumwandlung": Konvertierung von "int" in größeren Typ "void *"
  (Quelldatei „JaguarEngine/UI/UI_Handler.cpp“ wird kompiliert)
  
C:\JaguarEngine\JaguarEngine\JaguarEngine\Scene\Model_Declarations.hpp(138,27): warning C4267: "Argument": Konvertierung von "size_t" nach "GLuint", Datenverlust möglich
  (Quelldatei „JaguarEngine/UI/UI_Handler.cpp“ wird kompiliert)
  
C:\JaguarEngine\JaguarEngine\JaguarEngine\Scene\Model_Declarations.hpp(142,30): warning C4267: "Argument": Konvertierung von "size_t" nach "GLuint", Datenverlust möglich
  (Quelldatei „JaguarEngine/UI/UI_Handler.cpp“ wird kompiliert)
  
C:\JaguarEngine\JaguarEngine\JaguarEngine\JSON_IO\JSON_Declarations.hpp(45,20): warning C4267: "Argument": Konvertierung von "size_t" nach "glm::vec<2,float,glm::packed_highp>::length_type", Datenverlust möglich
  (Quelldatei „JaguarEngine/UI/UI_Handler.cpp“ wird kompiliert)
      C:\JaguarEngine\JaguarEngine\JaguarEngine\JSON_IO\JSON_Declarations.hpp(45,20):
      der Vorlageninstanziierungskontext (der älteste zuerst) ist
          C:\JaguarEngine\JaguarEngine\JaguarEngine\UI\UI_Handler.cpp(14,56):
          Siehe Verweis auf die gerade kompilierte Instanziierung "std::vector<glm::vec2,std::allocator<glm::vec2>> GLTF::Attribute::Get_Attribute_Buffer<glm::vec2>(void)" der Funktions-Vorlage.
          C:\JaguarEngine\JaguarEngine\JaguarEngine\JSON_IO\JSON_Declarations.hpp(74,5):
          Siehe Verweis auf die gerade kompilierte Instanziierung "void GLTF::Attribute::Copy_To_Buffer<2,float,glm::vec2>(std::vector<glm::vec2,std::allocator<glm::vec2>> &,std::vector<char,std::allocator<char>> &)" der Funktions-Vorlage.
  
C:\JaguarEngine\JaguarEngine\JaguarEngine\JSON_IO\JSON_Declarations.hpp(45,40): warning C4244: "=": Konvertierung von "int" in "T", möglicher Datenverlust
C:\JaguarEngine\JaguarEngine\JaguarEngine\JSON_IO\JSON_Declarations.hpp(45,40): warning C4244:         with
C:\JaguarEngine\JaguarEngine\JaguarEngine\JSON_IO\JSON_Declarations.hpp(45,40): warning C4244:         [
C:\JaguarEngine\JaguarEngine\JaguarEngine\JSON_IO\JSON_Declarations.hpp(45,40): warning C4244:             T=float
C:\JaguarEngine\JaguarEngine\JaguarEngine\JSON_IO\JSON_Declarations.hpp(45,40): warning C4244:         ]
  (Quelldatei „JaguarEngine/UI/UI_Handler.cpp“ wird kompiliert)
  
C:\JaguarEngine\JaguarEngine\JaguarEngine\JSON_IO\JSON_Declarations.hpp(45,20): warning C4267: "Argument": Konvertierung von "size_t" nach "glm::vec<1,glm::u64,glm::packed_highp>::length_type", Datenverlust möglich
  (Quelldatei „JaguarEngine/UI/UI_Handler.cpp“ wird kompiliert)
      C:\JaguarEngine\JaguarEngine\JaguarEngine\JSON_IO\JSON_Declarations.hpp(45,20):
      der Vorlageninstanziierungskontext (der älteste zuerst) ist
          C:\JaguarEngine\JaguarEngine\JaguarEngine\UI\UI_Handler.cpp(17,39):
          Siehe Verweis auf die gerade kompilierte Instanziierung "std::vector<glm::vec<1,glm::u64,glm::packed_highp>,std::allocator<glm::vec<1,glm::u64,glm::packed_highp>>> GLTF::Attribute::Get_Attribute_Buffer<glm::vec<1,glm::u64,glm::packed_highp>>(void)" der Funktions-Vorlage.
          C:\JaguarEngine\JaguarEngine\JaguarEngine\JSON_IO\JSON_Declarations.hpp(74,5):
          Siehe Verweis auf die gerade kompilierte Instanziierung "void GLTF::Attribute::Copy_To_Buffer<1,float,glm::vec<1,glm::u64,glm::packed_highp>>(std::vector<glm::vec<1,glm::u64,glm::packed_highp>,std::allocator<glm::vec<1,glm::u64,glm::packed_highp>>> &,std::vector<char,std::allocator<char>> &)" der Funktions-Vorlage.
  
C:\JaguarEngine\JaguarEngine\JaguarEngine\JSON_IO\JSON_Declarations.hpp(45,40): warning C4244: "=": Konvertierung von "float" in "T", möglicher Datenverlust
C:\JaguarEngine\JaguarEngine\JaguarEngine\JSON_IO\JSON_Declarations.hpp(45,40): warning C4244:         with
C:\JaguarEngine\JaguarEngine\JaguarEngine\JSON_IO\JSON_Declarations.hpp(45,40): warning C4244:         [
C:\JaguarEngine\JaguarEngine\JaguarEngine\JSON_IO\JSON_Declarations.hpp(45,40): warning C4244:             T=glm::u64
C:\JaguarEngine\JaguarEngine\JaguarEngine\JSON_IO\JSON_Declarations.hpp(45,40): warning C4244:         ]
  (Quelldatei „JaguarEngine/UI/UI_Handler.cpp“ wird kompiliert)
  
  glad.c
LINK : warning LNK4098: Standardbibliothek "MSVCRTD" steht in Konflikt mit anderen Bibliotheken; /NODEFAULTLIB:Bibliothek verwenden.
  Code wird generiert.
  Previous IPDB not found, fall back to full compilation.
  All 3601 functions were compiled because no usable IPDB/IOBJ from previous compilation was found.
  Codegenerierung ist abgeschlossen.
glfw3.lib(window.obj) : warning LNK4099: PDB "glfw.pdb" wurde nicht mit "glfw3.lib(window.obj)" oder an "C:\JaguarEngine\JaguarEngine\glfw.pdb" gefunden; Objekt wird verknüpft, als ob keine Debuginformationen vorhanden wären.
glfw3.lib(input.obj) : warning LNK4099: PDB "glfw.pdb" wurde nicht mit "glfw3.lib(input.obj)" oder an "C:\JaguarEngine\JaguarEngine\glfw.pdb" gefunden; Objekt wird verknüpft, als ob keine Debuginformationen vorhanden wären.
glfw3.lib(init.obj) : warning LNK4099: PDB "glfw.pdb" wurde nicht mit "glfw3.lib(init.obj)" oder an "C:\JaguarEngine\JaguarEngine\glfw.pdb" gefunden; Objekt wird verknüpft, als ob keine Debuginformationen vorhanden wären.
glfw3.lib(context.obj) : warning LNK4099: PDB "glfw.pdb" wurde nicht mit "glfw3.lib(context.obj)" oder an "C:\JaguarEngine\JaguarEngine\glfw.pdb" gefunden; Objekt wird verknüpft, als ob keine Debuginformationen vorhanden wären.
glfw3.lib(win32_window.obj) : warning LNK4099: PDB "glfw.pdb" wurde nicht mit "glfw3.lib(win32_window.obj)" oder an "C:\JaguarEngine\JaguarEngine\glfw.pdb" gefunden; Objekt wird verknüpft, als ob keine Debuginformationen vorhanden wären.
glfw3.lib(win32_thread.obj) : warning LNK4099: PDB "glfw.pdb" wurde nicht mit "glfw3.lib(win32_thread.obj)" oder an "C:\JaguarEngine\JaguarEngine\glfw.pdb" gefunden; Objekt wird verknüpft, als ob keine Debuginformationen vorhanden wären.
glfw3.lib(win32_joystick.obj) : warning LNK4099: PDB "glfw.pdb" wurde nicht mit "glfw3.lib(win32_joystick.obj)" oder an "C:\JaguarEngine\JaguarEngine\glfw.pdb" gefunden; Objekt wird verknüpft, als ob keine Debuginformationen vorhanden wären.
glfw3.lib(win32_time.obj) : warning LNK4099: PDB "glfw.pdb" wurde nicht mit "glfw3.lib(win32_time.obj)" oder an "C:\JaguarEngine\JaguarEngine\glfw.pdb" gefunden; Objekt wird verknüpft, als ob keine Debuginformationen vorhanden wären.
glfw3.lib(win32_init.obj) : warning LNK4099: PDB "glfw.pdb" wurde nicht mit "glfw3.lib(win32_init.obj)" oder an "C:\JaguarEngine\JaguarEngine\glfw.pdb" gefunden; Objekt wird verknüpft, als ob keine Debuginformationen vorhanden wären.
glfw3.lib(win32_monitor.obj) : warning LNK4099: PDB "glfw.pdb" wurde nicht mit "glfw3.lib(win32_monitor.obj)" oder an "C:\JaguarEngine\JaguarEngine\glfw.pdb" gefunden; Objekt wird verknüpft, als ob keine Debuginformationen vorhanden wären.
glfw3.lib(monitor.obj) : warning LNK4099: PDB "glfw.pdb" wurde nicht mit "glfw3.lib(monitor.obj)" oder an "C:\JaguarEngine\JaguarEngine\glfw.pdb" gefunden; Objekt wird verknüpft, als ob keine Debuginformationen vorhanden wären.
glfw3.lib(vulkan.obj) : warning LNK4099: PDB "glfw.pdb" wurde nicht mit "glfw3.lib(vulkan.obj)" oder an "C:\JaguarEngine\JaguarEngine\glfw.pdb" gefunden; Objekt wird verknüpft, als ob keine Debuginformationen vorhanden wären.
glfw3.lib(wgl_context.obj) : warning LNK4099: PDB "glfw.pdb" wurde nicht mit "glfw3.lib(wgl_context.obj)" oder an "C:\JaguarEngine\JaguarEngine\glfw.pdb" gefunden; Objekt wird verknüpft, als ob keine Debuginformationen vorhanden wären.
glfw3.lib(egl_context.obj) : warning LNK4099: PDB "glfw.pdb" wurde nicht mit "glfw3.lib(egl_context.obj)" oder an "C:\JaguarEngine\JaguarEngine\glfw.pdb" gefunden; Objekt wird verknüpft, als ob keine Debuginformationen vorhanden wären.
glfw3.lib(osmesa_context.obj) : warning LNK4099: PDB "glfw.pdb" wurde nicht mit "glfw3.lib(osmesa_context.obj)" oder an "C:\JaguarEngine\JaguarEngine\glfw.pdb" gefunden; Objekt wird verknüpft, als ob keine Debuginformationen vorhanden wären.
  JaguarEngine.vcxproj -> C:\JaguarEngine\JaguarEngine\JaguarEngine.exe
