c:\jaguarengine\jaguarengine\x64\debug\vc145.pdb
c:\jaguarengine\jaguarengine\x64\debug\vc145.idb
c:\jaguarengine\jaguarengine\x64\debug\main.obj
c:\jaguarengine\jaguarengine\x64\debug\world_object_declarations.obj
c:\jaguarengine\jaguarengine\x64\debug\scene.obj
c:\jaguarengine\jaguarengine\x64\debug\vertex_buffers.obj
c:\jaguarengine\jaguarengine\x64\debug\texture.obj
c:\jaguarengine\jaguarengine\x64\debug\shaders.obj
c:\jaguarengine\jaguarengine\x64\debug\render_pipeline.obj
c:\jaguarengine\jaguarengine\x64\debug\json_declarations.obj
c:\jaguarengine\jaguarengine\x64\debug\jaguarengine.obj
c:\jaguarengine\jaguarengine\x64\debug\inputs.obj
c:\jaguarengine\jaguarengine\x64\debug\sampling.obj
c:\jaguarengine\jaguarengine\x64\debug\gltf_declarations.obj
c:\jaguarengine\jaguarengine\x64\debug\deletion_handling.obj
c:\jaguarengine\jaguarengine\x64\debug\asset_cache.obj
c:\jaguarengine\jaguarengine\x64\debug\skeleton_animator.obj
c:\jaguarengine\jaguarengine\x64\debug\skeleton.obj
c:\jaguarengine\jaguarengine\x64\debug\animation.obj
c:\jaguarengine\jaguarengine\x64\debug\glad.obj
c:\jaguarengine\jaguarengine\jaguarengine.exe
c:\jaguarengine\jaguarengine\jaguarengine.pdb
c:\jaguarengine\jaguarengine\x64\debug\jaguarengine.ilk
c:\jaguarengine\jaguarengine\x64\debug\jaguarengine.vcxproj.filelistabsolute.txt
c:\jaguarengine\jaguarengine\x64\debug\jaguarengine.tlog\cl.command.1.tlog
c:\jaguarengine\jaguarengine\x64\debug\jaguarengine.tlog\cl.items.tlog
c:\jaguarengine\jaguarengine\x64\debug\jaguarengine.tlog\cl.read.1.tlog
c:\jaguarengine\jaguarengine\x64\debug\jaguarengine.tlog\cl.write.1.tlog
c:\jaguarengine\jaguarengine\x64\debug\jaguarengine.tlog\link.command.1.tlog
c:\jaguarengine\jaguarengine\x64\debug\jaguarengine.tlog\link.read.1.tlog
c:\jaguarengine\jaguarengine\x64\debug\jaguarengine.tlog\link.secondary.1.tlog
c:\jaguarengine\jaguarengine\x64\debug\jaguarengine.tlog\link.write.1.tlog
