  UI_Pipeline.cpp
C:\JaguarEngine\JaguarEngine\JaguarEngine\OpenGL_Handling\OpenGL_Declarations.hpp(186,8): warning C4099: "Jaguar::Mesh_Wrapper": Geben Sie den zuerst unter Verwendung von "struct" und jetzt unter Verwendung von "class" gesehenen Namen ein
  (Quelldatei „JaguarEngine/UI/UI_Pipeline.cpp“ wird kompiliert)
      C:\JaguarEngine\JaguarEngine\JaguarEngine\OpenGL_Handling\OpenGL_Declarations.hpp(67,9):
      Siehe Deklaration von "Jaguar::Mesh_Wrapper"
  
C:\JaguarEngine\JaguarEngine\JaguarEngine\JSON_IO\JSON_Declarations.hpp(224,67): warning C4244: "=": Konvertierung von "double" in "size_t", möglicher Datenverlust
  (Quelldatei „JaguarEngine/UI/UI_Pipeline.cpp“ wird kompiliert)
  
C:\JaguarEngine\JaguarEngine\JaguarEngine\JSON_IO\JSON_Declarations.hpp(225,63): warning C4244: "=": Konvertierung von "double" in "size_t", möglicher Datenverlust
  (Quelldatei „JaguarEngine/UI/UI_Pipeline.cpp“ wird kompiliert)
  
C:\JaguarEngine\JaguarEngine\JaguarEngine\JSON_IO\JSON_Declarations.hpp(226,66): warning C4244: "=": Konvertierung von "double" in "size_t", möglicher Datenverlust
  (Quelldatei „JaguarEngine/UI/UI_Pipeline.cpp“ wird kompiliert)
  
C:\JaguarEngine\JaguarEngine\JaguarEngine\JSON_IO\JSON_Declarations.hpp(227,63): warning C4244: "=": Konvertierung von "double" in "size_t", möglicher Datenverlust
  (Quelldatei „JaguarEngine/UI/UI_Pipeline.cpp“ wird kompiliert)
  
C:\JaguarEngine\JaguarEngine\JaguarEngine\JSON_IO\JSON_Declarations.hpp(231,34): warning C4554: „|“: Überprüfen Sie die Operatorrangfolge auf mögliche Fehler. Verwenden Sie Klammern, um die Rangfolge zu verdeutlichen.
  (Quelldatei „JaguarEngine/UI/UI_Pipeline.cpp“ wird kompiliert)
  
C:\JaguarEngine\JaguarEngine\JaguarEngine\JSON_IO\JSON_Declarations.hpp(264,17): warning C4244: "Initialisierung": Konvertierung von "double" in "size_t", möglicher Datenverlust
  (Quelldatei „JaguarEngine/UI/UI_Pipeline.cpp“ wird kompiliert)
  
C:\JaguarEngine\JaguarEngine\JaguarEngine\JSON_IO\JSON_Declarations.hpp(271,37): warning C4267: "=": Konvertierung von "size_t" nach "GLint", Datenverlust möglich
  (Quelldatei „JaguarEngine/UI/UI_Pipeline.cpp“ wird kompiliert)
  
C:\JaguarEngine\JaguarEngine\JaguarEngine\JSON_IO\JSON_Declarations.hpp(272,20): warning C4267: "=": Konvertierung von "size_t" nach "GLint", Datenverlust möglich
  (Quelldatei „JaguarEngine/UI/UI_Pipeline.cpp“ wird kompiliert)
  
C:\JaguarEngine\JaguarEngine\JaguarEngine\Scene\Model_Declarations.hpp(64,8): warning C4099: "Jaguar::Mesh_Wrapper": Geben Sie den zuerst unter Verwendung von "struct" und jetzt unter Verwendung von "class" gesehenen Namen ein
  (Quelldatei „JaguarEngine/UI/UI_Pipeline.cpp“ wird kompiliert)
      C:\JaguarEngine\JaguarEngine\JaguarEngine\Scene\Model_Declarations.hpp(64,8):
      Siehe Deklaration von "Jaguar::Mesh_Wrapper"
  
C:\JaguarEngine\JaguarEngine\JaguarEngine\Scene\World_Object_Declarations.hpp(14,8): warning C4099: "Jaguar::World_Object": Geben Sie den zuerst unter Verwendung von "struct" und jetzt unter Verwendung von "class" gesehenen Namen ein
  (Quelldatei „JaguarEngine/UI/UI_Pipeline.cpp“ wird kompiliert)
      C:\JaguarEngine\JaguarEngine\JaguarEngine\Scene\World_Object_Declarations.hpp(14,8):
      Siehe Deklaration von "Jaguar::World_Object"
  
C:\JaguarEngine\JaguarEngine\JaguarEngine\Scene\Controller.hpp(8,8): warning C4099: "Jaguar::Control": Geben Sie den zuerst unter Verwendung von "struct" und jetzt unter Verwendung von "class" gesehenen Namen ein
  (Quelldatei „JaguarEngine/UI/UI_Pipeline.cpp“ wird kompiliert)
      C:\JaguarEngine\JaguarEngine\JaguarEngine\Scene\World_Object_Declarations.hpp(10,9):
      Siehe Deklaration von "Jaguar::Control"
  
C:\JaguarEngine\JaguarEngine\JaguarEngine\Scene\Controller.hpp(14,8): warning C4099: "Jaguar::Control": Geben Sie den zuerst unter Verwendung von "struct" und jetzt unter Verwendung von "class" gesehenen Namen ein
  (Quelldatei „JaguarEngine/UI/UI_Pipeline.cpp“ wird kompiliert)
      C:\JaguarEngine\JaguarEngine\JaguarEngine\Scene\Controller.hpp(14,8):
      Siehe Deklaration von "Jaguar::Control"
  
C:\JaguarEngine\JaguarEngine\JaguarEngine\UI\UI_Handler.hpp(86,8): warning C4099: "Jaguar::UI_Element": Geben Sie den zuerst unter Verwendung von "struct" und jetzt unter Verwendung von "class" gesehenen Namen ein
  (Quelldatei „JaguarEngine/UI/UI_Pipeline.cpp“ wird kompiliert)
      C:\JaguarEngine\JaguarEngine\JaguarEngine\UI\UI_Handler.hpp(86,8):
      Siehe Deklaration von "Jaguar::UI_Element"
  
C:\JaguarEngine\JaguarEngine\JaguarEngine\UI\UI_Pipeline.cpp(17,9): warning C4101: "Size": Unreferenzierte lokale Variable
      C:\JaguarEngine\JaguarEngine\JaguarEngine\UI\UI_Pipeline.cpp(17,9):
      der Vorlageninstanziierungskontext (der älteste zuerst) ist
          C:\JaguarEngine\JaguarEngine\JaguarEngine\UI\UI_Pipeline.cpp(128,4):
          Siehe Verweis auf die gerade kompilierte Instanziierung "void Jaguar::Evaluate_Axis<true,false>(Jaguar::Layout *,Jaguar::Layout *,const Jaguar::UI_Transform *,Jaguar::UI_Parent_Layout *,float *,float *,bool,bool)" der Funktions-Vorlage.
  
  JaguarEngine.vcxproj -> C:\JaguarEngine\JaguarEngine\JaguarEngine.exe
