d:\jaguarengine\jaguarengine\jaguarengine\x64\debug\vc145.pdb
d:\jaguarengine\jaguarengine\jaguarengine\x64\debug\vc145.idb
d:\jaguarengine\jaguarengine\jaguarengine\x64\debug\main.obj
d:\jaguarengine\jaguarengine\jaguarengine\x64\debug\json_declarations.obj
d:\jaguarengine\jaguarengine\jaguarengine\x64\debug\glad.obj
d:\jaguarengine\jaguarengine\jaguarengine\x64\debug\jaguarengine.obj
d:\jaguarengine\jaguarengine\jaguarengine\x64\debug\jaguarengine.ilk
d:\jaguarengine\jaguarengine\jaguarengine.pdb
d:\jaguarengine\jaguarengine\jaguarengine\x64\debug\jaguarengine.tlog\cl.command.1.tlog
d:\jaguarengine\jaguarengine\jaguarengine\x64\debug\jaguarengine.tlog\cl.items.tlog
d:\jaguarengine\jaguarengine\jaguarengine\x64\debug\jaguarengine.tlog\cl.read.1.tlog
d:\jaguarengine\jaguarengine\jaguarengine\x64\debug\jaguarengine.tlog\cl.write.1.tlog
d:\jaguarengine\jaguarengine\jaguarengine\x64\debug\jaguarengine.tlog\link.22612-cvtres.read.1.tlog
d:\jaguarengine\jaguarengine\jaguarengine\x64\debug\jaguarengine.tlog\link.22612-cvtres.write.1.tlog
d:\jaguarengine\jaguarengine\jaguarengine\x64\debug\jaguarengine.tlog\link.22612-rc.read.1.tlog
d:\jaguarengine\jaguarengine\jaguarengine\x64\debug\jaguarengine.tlog\link.22612-rc.write.1.tlog
d:\jaguarengine\jaguarengine\jaguarengine\x64\debug\jaguarengine.tlog\link.22612.read.1.tlog
d:\jaguarengine\jaguarengine\jaguarengine\x64\debug\jaguarengine.tlog\link.22612.read.2.tlog
d:\jaguarengine\jaguarengine\jaguarengine\x64\debug\jaguarengine.tlog\link.22612.write.1.tlog
d:\jaguarengine\jaguarengine\jaguarengine\x64\debug\jaguarengine.tlog\link.command.1.tlog
d:\jaguarengine\jaguarengine\jaguarengine\x64\debug\jaguarengine.tlog\link.read.1.tlog
d:\jaguarengine\jaguarengine\jaguarengine\x64\debug\jaguarengine.tlog\link.secondary.1.tlog
d:\jaguarengine\jaguarengine\jaguarengine\x64\debug\jaguarengine.tlog\link.write.1.tlog
